2026-10-06 21:35:56,773 INFO Starting weather data fetch from Open-Meteo
2026-10-06 21:35:56,773 INFO Processing city: Chittagong (22.34, 91.83)
2026-10-06 21:35:57,563 INFO Successfully fetched data for Chittagong
2026-10-06 21:35:57,584 INFO Processing city: Dhaka (23.81, 90.41)
2026-10-06 21:35:58,346 INFO Successfully fetched data for Dhaka
2026-10-06 21:35:58,349 INFO Processing city: Sylhet (24.89, 91.87)
2026-10-06 21:35:59,131 INFO Successfully fetched data for Sylhet
2026-10-06 21:35:59,134 INFO Processing city: Khulna (22.85, 89.54)
2026-10-06 21:35:59,921 INFO Successfully fetched data for Khulna
2026-10-06 21:35:59,923 INFO Finished processing all cities
2026-10-06 21:39:23,113 INFO Starting weather data fetch from Open-Meteo
2026-10-06 21:39:23,113 INFO Processing city: Chittagong (22.34, 91.83)
2026-10-06 21:39:23,971 INFO Successfully fetched data for Chittagong
2026-10-06 21:39:23,975 INFO Processing city: Dhaka (23.81, 90.41)
2026-10-06 21:39:24,754 INFO Successfully fetched data for Dhaka
2026-10-06 21:39:24,756 INFO Processing city: Sylhet (24.89, 91.87)
2026-10-06 21:39:25,527 INFO Successfully fetched data for Sylhet
2026-10-06 21:39:25,530 INFO Processing city: Khulna (22.85, 89.54)
2026-10-06 21:39:26,293 INFO Successfully fetched data for Khulna
2026-10-06 21:39:26,296 INFO Successfully wrote 4 rows to weather_data.csv
2026-10-06 21:39:26,296 INFO Finished processing all cities
2026-10-07 22:55:45,842 INFO Starting weather data fetch from Open-Meteo
2026-10-07 22:55:45,842 INFO Processing city: Chittagong (22.34, 91.83)
2026-10-07 22:55:46,619 INFO Successfully fetched data for Chittagong
2026-10-07 22:55:46,631 INFO Processing city: Dhaka (23.81, 90.41)
2026-10-07 22:55:47,408 INFO Successfully fetched data for Dhaka
2026-10-07 22:55:47,410 INFO Processing city: Sylhet (24.89, 91.87)
2026-10-07 22:55:48,193 INFO Successfully fetched data for Sylhet
2026-10-07 22:55:48,196 INFO Processing city: Khulna (22.85, 89.54)
2026-10-07 22:55:48,989 INFO Successfully fetched data for Khulna
2026-10-07 22:55:48,992 INFO Successfully wrote 4 rows to weather_data.csv
2026-10-07 22:55:48,992 INFO Finished processing all cities
2026-10-07 22:59:11,549 INFO Starting weather data fetch from Open-Meteo
2026-10-07 22:59:11,549 INFO Processing city: Chittagong (22.34, 91.83)
2026-10-07 22:59:12,332 INFO Successfully fetched data for Chittagong
2026-10-07 22:59:12,337 INFO Processing city: Dhaka (23.81, 90.41)
2026-10-07 22:59:13,108 INFO Successfully fetched data for Dhaka
2026-10-07 22:59:13,111 INFO Processing city: Sylhet (24.89, 91.87)
2026-10-07 22:59:13,901 INFO Successfully fetched data for Sylhet
2026-10-07 22:59:13,903 INFO Processing city: Khulna (22.85, 89.54)
2026-10-07 22:59:14,703 INFO Successfully fetched data for Khulna
2026-10-07 22:59:14,707 INFO Successfully wrote 4 rows to weather_data.csv
2026-10-07 22:59:14,707 INFO Summary: 4 succeeded, 0 failed
